// Jest Snapshot v1, https://goo.gl/fbAQLP

exports[`renders as expected 1`] = `
<div>
  <div
    class="MuiGrid-root Legends-container-1 MuiGrid-item"
  >
    <mock-list
      classname="Legends-list-3"
    />
  </div>
</div>
`;
