// Jest Snapshot v1, https://goo.gl/fbAQLP

exports[`renders as expected 1`] = `
<div>
  <div
    class="MuiGrid-root MenuSwitch-categoryContainer-1 MuiGrid-item"
  >
    <mock-typography
      classname="MenuSwitch-categoryTitle-2"
      variant="body2"
    >
      Category 1
    </mock-typography>
    <hr />
    <div
      class="MuiBox-root MuiBox-root-4"
    >
      <mock-switch
        checked="false"
        color="default"
        inputprops="[object Object]"
        size="small"
      />
       
      <mock-typography
        classname="MenuSwitch-title-3"
      >
        layer
      </mock-typography>
    </div>
  </div>
</div>
`;
